

================================================================
== Vitis HLS Report for 'cordiccart2pol'
================================================================
* Date:           Sun Oct 19 16:52:47 2025

* Version:        2024.2 (Build 5238294 on Nov  8 2024)
* Project:        cordiccart2pol.comp
* Solution:       hls (Vivado IP Flow Target)
* Product family: zynq
* Target device:  xc7z020-clg400-1


================================================================
== Performance Estimates
================================================================
+ Timing: 
    * Summary: 
    +--------+----------+----------+------------+
    |  Clock |  Target  | Estimated| Uncertainty|
    +--------+----------+----------+------------+
    |ap_clk  |  10.00 ns|  6.287 ns|     2.70 ns|
    +--------+----------+----------+------------+

+ Latency: 
    * Summary: 
    +---------+---------+-----------+----------+-----+-----+---------+
    |  Latency (cycles) |  Latency (absolute)  |  Interval | Pipeline|
    |   min   |   max   |    min    |    max   | min | max |   Type  |
    +---------+---------+-----------+----------+-----+-----+---------+
    |        1|       37|  10.000 ns|  0.370 us|    2|   38|       no|
    +---------+---------+-----------+----------+-----+-----+---------+

    + Detail: 
        * Instance: 
        +---------------------------------------------------+-----------------------------------------+---------+---------+----------+----------+-----+-----+------------------------------------------------+
        |                                                   |                                         |  Latency (cycles) |  Latency (absolute) |  Interval |                    Pipeline                    |
        |                      Instance                     |                  Module                 |   min   |   max   |    min   |    max   | min | max |                      Type                      |
        +---------------------------------------------------+-----------------------------------------+---------+---------+----------+----------+-----+-----+------------------------------------------------+
        |grp_cordiccart2pol_Pipeline_VITIS_LOOP_46_1_fu_99  |cordiccart2pol_Pipeline_VITIS_LOOP_46_1  |       34|       34|  0.340 us|  0.340 us|   33|   33|  loop auto-rewind stp (delay=0 clock cycles(s))|
        +---------------------------------------------------+-----------------------------------------+---------+---------+----------+----------+-----+-----+------------------------------------------------+

        * Loop: 
        N/A



================================================================
== Utilization Estimates
================================================================
* Summary: 
+-----------------+---------+-----+--------+-------+-----+
|       Name      | BRAM_18K| DSP |   FF   |  LUT  | URAM|
+-----------------+---------+-----+--------+-------+-----+
|DSP              |        -|    -|       -|      -|    -|
|Expression       |        -|    -|       0|    108|    -|
|FIFO             |        -|    -|       -|      -|    -|
|Instance         |        0|    1|     102|    299|    -|
|Memory           |        -|    -|       -|      -|    -|
|Multiplexer      |        -|    -|       0|     57|    -|
|Register         |        -|    -|      67|      -|    -|
+-----------------+---------+-----+--------+-------+-----+
|Total            |        0|    1|     169|    464|    0|
+-----------------+---------+-----+--------+-------+-----+
|Available        |      280|  220|  106400|  53200|    0|
+-----------------+---------+-----+--------+-------+-----+
|Utilization (%)  |        0|   ~0|      ~0|     ~0|    0|
+-----------------+---------+-----+--------+-------+-----+

+ Detail: 
    * Instance: 
    +---------------------------------------------------+-----------------------------------------+---------+----+-----+-----+-----+
    |                      Instance                     |                  Module                 | BRAM_18K| DSP|  FF | LUT | URAM|
    +---------------------------------------------------+-----------------------------------------+---------+----+-----+-----+-----+
    |grp_cordiccart2pol_Pipeline_VITIS_LOOP_46_1_fu_99  |cordiccart2pol_Pipeline_VITIS_LOOP_46_1  |        0|   0|  102|  293|    0|
    |mul_12s_11ns_22_1_1_U6                             |mul_12s_11ns_22_1_1                      |        0|   1|    0|    6|    0|
    +---------------------------------------------------+-----------------------------------------+---------+----+-----+-----+-----+
    |Total                                              |                                         |        0|   1|  102|  299|    0|
    +---------------------------------------------------+-----------------------------------------+---------+----+-----+-----+-----+

    * DSP: 
    N/A

    * Memory: 
    N/A

    * FIFO: 
    N/A

    * Expression: 
    +------------------------+----------+----+---+----+------------+------------+
    |      Variable Name     | Operation| DSP| FF| LUT| Bitwidth P0| Bitwidth P1|
    +------------------------+----------+----+---+----+------------+------------+
    |add_ln65_fu_204_p2      |         +|   0|  0|  12|          12|          12|
    |current_x_fu_129_p2     |         -|   0|  0|  12|           1|          12|
    |current_y_fu_135_p2     |         -|   0|  0|  12|           1|          12|
    |icmp_ln25_fu_115_p2     |      icmp|   0|  0|  12|          12|           1|
    |or_ln25_fu_109_p2       |        or|   0|  0|  12|          12|          12|
    |base_angle_1_fu_170_p3  |    select|   0|  0|  12|           1|          12|
    |base_angle_fu_162_p3    |    select|   0|  0|  12|           1|          12|
    |current_x_1_fu_141_p3   |    select|   0|  0|  12|           1|          12|
    |current_y_1_fu_149_p3   |    select|   0|  0|  12|           1|          12|
    +------------------------+----------+----+---+----+------------+------------+
    |Total                   |          |   0|  0| 108|          42|          97|
    +------------------------+----------+----+---+----+------------+------------+

    * Multiplexer: 
    +-------------------------------------+----+-----------+-----+-----------+
    |                 Name                | LUT| Input Size| Bits| Total Bits|
    +-------------------------------------+----+-----------+-----+-----------+
    |ap_NS_fsm                            |  25|          5|    1|          5|
    |ap_phi_mux_storemerge1_phi_fu_91_p4  |   9|          2|   12|         24|
    |r                                    |  14|          3|   12|         36|
    |storemerge1_reg_87                   |   9|          2|   12|         24|
    +-------------------------------------+----+-----------+-----+-----------+
    |Total                                |  57|         12|   37|         89|
    +-------------------------------------+----+-----------+-----+-----------+

    * Register: 
    +----------------------------------------------------------------+----+----+-----+-----------+
    |                              Name                              | FF | LUT| Bits| Const Bits|
    +----------------------------------------------------------------+----+----+-----+-----------+
    |ap_CS_fsm                                                       |   4|   0|    4|          0|
    |current_x_1_reg_244                                             |  12|   0|   12|          0|
    |current_y_1_reg_249                                             |  12|   0|   12|          0|
    |current_y_reg_239                                               |  12|   0|   12|          0|
    |grp_cordiccart2pol_Pipeline_VITIS_LOOP_46_1_fu_99_ap_start_reg  |   1|   0|    1|          0|
    |icmp_ln25_reg_229                                               |   1|   0|    1|          0|
    |storemerge1_reg_87                                              |  12|   0|   12|          0|
    |tmp_reg_233                                                     |   1|   0|    1|          0|
    |y_read_reg_211                                                  |  12|   0|   12|          0|
    +----------------------------------------------------------------+----+----+-----+-----------+
    |Total                                                           |  67|   0|   67|          0|
    +----------------------------------------------------------------+----+----+-----+-----------+



================================================================
== Interface
================================================================
* Summary: 
+--------------+-----+-----+------------+----------------+--------------+
|   RTL Ports  | Dir | Bits|  Protocol  |  Source Object |    C Type    |
+--------------+-----+-----+------------+----------------+--------------+
|ap_clk        |   in|    1|  ap_ctrl_hs|  cordiccart2pol|  return value|
|ap_rst        |   in|    1|  ap_ctrl_hs|  cordiccart2pol|  return value|
|ap_start      |   in|    1|  ap_ctrl_hs|  cordiccart2pol|  return value|
|ap_done       |  out|    1|  ap_ctrl_hs|  cordiccart2pol|  return value|
|ap_idle       |  out|    1|  ap_ctrl_hs|  cordiccart2pol|  return value|
|ap_ready      |  out|    1|  ap_ctrl_hs|  cordiccart2pol|  return value|
|x             |   in|   12|     ap_none|               x|        scalar|
|y             |   in|   12|     ap_none|               y|        scalar|
|r             |  out|   12|      ap_vld|               r|       pointer|
|r_ap_vld      |  out|    1|      ap_vld|               r|       pointer|
|theta         |  out|   12|      ap_vld|           theta|       pointer|
|theta_ap_vld  |  out|    1|      ap_vld|           theta|       pointer|
+--------------+-----+-----+------------+----------------+--------------+

