

================================================================
== Vitis HLS Report for 'dft'
================================================================
* Date:           Wed Nov  5 16:20:23 2025

* Version:        2024.2 (Build 5238294 on Nov  8 2024)
* Project:        dft.comp
* Solution:       hls (Vivado IP Flow Target)
* Product family: zynq
* Target device:  xc7z020-clg400-1


================================================================
== Performance Estimates
================================================================
+ Timing: 
    * Summary: 
    +--------+----------+----------+------------+
    |  Clock |  Target  | Estimated| Uncertainty|
    +--------+----------+----------+------------+
    |ap_clk  |  10.00 ns|  7.256 ns|     2.70 ns|
    +--------+----------+----------+------------+

+ Latency: 
    * Summary: 
    +-----------+-----------+-----------+-----------+-----------+-----------+---------+
    |    Latency (cycles)   |   Latency (absolute)  |        Interval       | Pipeline|
    |    min    |    max    |    min    |    max    |    min    |    max    |   Type  |
    +-----------+-----------+-----------+-----------+-----------+-----------+---------+
    |  101719041|  108010497|  1.017 sec|  1.080 sec|  101719042|  108010498|       no|
    +-----------+-----------+-----------+-----------+-----------+-----------+---------+

    + Detail: 
        * Instance: 
        +--------------------------------+---------------------+---------+---------+----------+----------+-----+-----+---------+
        |                                |                     |  Latency (cycles) |  Latency (absolute) |  Interval | Pipeline|
        |            Instance            |        Module       |   min   |   max   |    min   |    max   | min | max |   Type  |
        +--------------------------------+---------------------+---------+---------+----------+----------+-----+-----+---------+
        |grp_sin_or_cos_double_s_fu_138  |sin_or_cos_double_s  |       56|       62|  0.560 us|  0.620 us|   56|   62|       no|
        |grp_sin_or_cos_double_s_fu_157  |sin_or_cos_double_s  |       56|       62|  0.560 us|  0.620 us|   56|   62|       no|
        +--------------------------------+---------------------+---------+---------+----------+----------+-----+-----+---------+

        * Loop: 
        +--------------------+-----------+-----------+----------------+-----------+-----------+------+----------+
        |                    |    Latency (cycles)   |    Iteration   |  Initiation Interval  | Trip |          |
        |      Loop Name     |    min    |    max    |     Latency    |  achieved |   target  | Count| Pipelined|
        +--------------------+-----------+-----------+----------------+-----------+-----------+------+----------+
        |- VITIS_LOOP_12_1   |  101719040|  108010496|  99335 ~ 105479|          -|          -|  1024|        no|
        | + VITIS_LOOP_13_2  |      99328|     105472|        97 ~ 103|          -|          -|  1024|        no|
        +--------------------+-----------+-----------+----------------+-----------+-----------+------+----------+



================================================================
== Utilization Estimates
================================================================
* Summary: 
+-----------------+---------+-----+--------+-------+-----+
|       Name      | BRAM_18K| DSP |   FF   |  LUT  | URAM|
+-----------------+---------+-----+--------+-------+-----+
|DSP              |        -|    -|       -|      -|    -|
|Expression       |        -|    -|       0|     52|    -|
|FIFO             |        -|    -|       -|      -|    -|
|Instance         |       16|  197|   12448|  15378|    -|
|Memory           |        -|    -|       -|      -|    -|
|Multiplexer      |        -|    -|       0|    357|    -|
|Register         |        -|    -|     850|      -|    -|
+-----------------+---------+-----+--------+-------+-----+
|Total            |       16|  197|   13298|  15787|    0|
+-----------------+---------+-----+--------+-------+-----+
|Available        |      280|  220|  106400|  53200|    0|
+-----------------+---------+-----+--------+-------+-----+
|Utilization (%)  |        5|   89|      12|     29|    0|
+-----------------+---------+-----+--------+-------+-----+

+ Detail: 
    * Instance: 
    +----------------------------------------+------------------------------------+---------+----+------+------+-----+
    |                Instance                |               Module               | BRAM_18K| DSP|  FF  |  LUT | URAM|
    +----------------------------------------+------------------------------------+---------+----+------+------+-----+
    |dmul_64ns_64ns_64_7_max_dsp_1_U74       |dmul_64ns_64ns_64_7_max_dsp_1       |        0|  11|   342|   586|    0|
    |fadd_32ns_32ns_32_5_full_dsp_1_U65      |fadd_32ns_32ns_32_5_full_dsp_1      |        0|   2|   205|   390|    0|
    |faddfsub_32ns_32ns_32_5_full_dsp_1_U64  |faddfsub_32ns_32ns_32_5_full_dsp_1  |        0|   2|   205|   390|    0|
    |fmul_32ns_32ns_32_4_max_dsp_1_U66       |fmul_32ns_32ns_32_4_max_dsp_1       |        0|   3|   143|   321|    0|
    |fmul_32ns_32ns_32_4_max_dsp_1_U67       |fmul_32ns_32ns_32_4_max_dsp_1       |        0|   3|   143|   321|    0|
    |fmul_32ns_32ns_32_4_max_dsp_1_U68       |fmul_32ns_32ns_32_4_max_dsp_1       |        0|   3|   143|   321|    0|
    |fmul_32ns_32ns_32_4_max_dsp_1_U69       |fmul_32ns_32ns_32_4_max_dsp_1       |        0|   3|   143|   321|    0|
    |fpext_32ns_64_2_no_dsp_1_U73            |fpext_32ns_64_2_no_dsp_1            |        0|   0|     0|     0|    0|
    |fptrunc_64ns_32_2_no_dsp_1_U71          |fptrunc_64ns_32_2_no_dsp_1          |        0|   0|     0|     0|    0|
    |fptrunc_64ns_32_2_no_dsp_1_U72          |fptrunc_64ns_32_2_no_dsp_1          |        0|   0|     0|     0|    0|
    |grp_sin_or_cos_double_s_fu_138          |sin_or_cos_double_s                 |        8|  85|  5562|  6364|    0|
    |grp_sin_or_cos_double_s_fu_157          |sin_or_cos_double_s                 |        8|  85|  5562|  6364|    0|
    |sitodp_32ns_64_6_no_dsp_1_U75           |sitodp_32ns_64_6_no_dsp_1           |        0|   0|     0|     0|    0|
    |sitofp_32ns_32_6_no_dsp_1_U70           |sitofp_32ns_32_6_no_dsp_1           |        0|   0|     0|     0|    0|
    +----------------------------------------+------------------------------------+---------+----+------+------+-----+
    |Total                                   |                                    |       16| 197| 12448| 15378|    0|
    +----------------------------------------+------------------------------------+---------+----+------+------+-----+

    * DSP: 
    N/A

    * Memory: 
    N/A

    * FIFO: 
    N/A

    * Expression: 
    +----------------------------------+----------+----+---+----+------------+------------+
    |           Variable Name          | Operation| DSP| FF| LUT| Bitwidth P0| Bitwidth P1|
    +----------------------------------+----------+----+---+----+------------+------------+
    |add_ln12_fu_251_p2                |         +|   0|  0|  12|          11|           1|
    |add_ln13_fu_285_p2                |         +|   0|  0|  12|          11|           1|
    |icmp_ln12_fu_245_p2               |      icmp|   0|  0|  12|          11|          12|
    |icmp_ln13_fu_279_p2               |      icmp|   0|  0|  12|          11|          12|
    |ap_block_state31_on_subcall_done  |        or|   0|  0|   2|           1|           1|
    |xor_ln17_fu_315_p2                |       xor|   0|  0|   2|           1|           2|
    +----------------------------------+----------+----+---+----+------------+------------+
    |Total                             |          |   0|  0|  52|          46|          29|
    +----------------------------------+----------+----+---+----+------------+------------+

    * Multiplexer: 
    +------------------------+-----+-----------+-----+-----------+
    |          Name          | LUT | Input Size| Bits| Total Bits|
    +------------------------+-----+-----------+-----+-----------+
    |ap_NS_fsm               |  213|         49|    1|         49|
    |grp_fu_176_opcode       |   14|          3|    2|          6|
    |grp_fu_176_p0           |   14|          3|   32|         96|
    |grp_fu_176_p1           |   14|          3|   32|         96|
    |grp_fu_180_p0           |   14|          3|   32|         96|
    |grp_fu_180_p1           |   14|          3|   32|         96|
    |grp_fu_212_p0           |   14|          3|   64|        192|
    |grp_fu_212_p1           |   14|          3|   64|        192|
    |i_reg_126               |    9|          2|   11|         22|
    |imag_op_address0_local  |   14|          3|   10|         30|
    |j_fu_70                 |    9|          2|   11|         22|
    |real_op_address0_local  |   14|          3|   10|         30|
    +------------------------+-----+-----------+-----+-----------+
    |Total                   |  357|         80|  301|        927|
    +------------------------+-----+-----------+-----+-----------+

    * Register: 
    +---------------------------------------------+----+----+-----+-----------+
    |                     Name                    | FF | LUT| Bits| Const Bits|
    +---------------------------------------------+----+----+-----+-----------+
    |add_ln12_reg_375                             |  11|   0|   11|          0|
    |add_ln13_reg_415                             |  11|   0|   11|          0|
    |ap_CS_fsm                                    |  48|   0|   48|          0|
    |c_reg_450                                    |  32|   0|   32|          0|
    |conv4_reg_430                                |  64|   0|   64|          0|
    |conv5_reg_395                                |  64|   0|   64|          0|
    |conv_reg_425                                 |  32|   0|   32|          0|
    |empty_35_reg_400                             |  32|   0|   32|          0|
    |empty_36_reg_406                             |  32|   0|   32|          0|
    |grp_sin_or_cos_double_s_fu_138_ap_start_reg  |   1|   0|    1|          0|
    |grp_sin_or_cos_double_s_fu_157_ap_start_reg  |   1|   0|    1|          0|
    |i_reg_126                                    |  11|   0|   11|          0|
    |imag_op_addr_reg_487                         |  10|   0|   10|          0|
    |imag_op_load_reg_497                         |  32|   0|   32|          0|
    |j_fu_70                                      |  11|   0|   11|          0|
    |mul1_reg_467                                 |  32|   0|   32|          0|
    |mul2_reg_472                                 |  32|   0|   32|          0|
    |mul3_reg_477                                 |  32|   0|   32|          0|
    |mul_reg_462                                  |  32|   0|   32|          0|
    |real_op_addr_reg_482                         |  10|   0|   10|          0|
    |real_op_load_reg_492                         |  32|   0|   32|          0|
    |reg_220                                      |  64|   0|   64|          0|
    |reg_227                                      |  32|   0|   32|          0|
    |reg_232                                      |  32|   0|   32|          0|
    |s_reg_456                                    |  32|   0|   32|          0|
    |tmp_reg_435                                  |  64|   0|   64|          0|
    |tmp_s_reg_440                                |  64|   0|   64|          0|
    +---------------------------------------------+----+----+-----+-----------+
    |Total                                        | 850|   0|  850|          0|
    +---------------------------------------------+----+----+-----+-----------+



================================================================
== Interface
================================================================
* Summary: 
+----------------------+-----+-----+------------+--------------+--------------+
|       RTL Ports      | Dir | Bits|  Protocol  | Source Object|    C Type    |
+----------------------+-----+-----+------------+--------------+--------------+
|ap_clk                |   in|    1|  ap_ctrl_hs|           dft|  return value|
|ap_rst                |   in|    1|  ap_ctrl_hs|           dft|  return value|
|ap_start              |   in|    1|  ap_ctrl_hs|           dft|  return value|
|ap_done               |  out|    1|  ap_ctrl_hs|           dft|  return value|
|ap_idle               |  out|    1|  ap_ctrl_hs|           dft|  return value|
|ap_ready              |  out|    1|  ap_ctrl_hs|           dft|  return value|
|real_sample_address0  |  out|   10|   ap_memory|   real_sample|         array|
|real_sample_ce0       |  out|    1|   ap_memory|   real_sample|         array|
|real_sample_q0        |   in|   32|   ap_memory|   real_sample|         array|
|imag_sample_address0  |  out|   10|   ap_memory|   imag_sample|         array|
|imag_sample_ce0       |  out|    1|   ap_memory|   imag_sample|         array|
|imag_sample_q0        |   in|   32|   ap_memory|   imag_sample|         array|
|real_op_address0      |  out|   10|   ap_memory|       real_op|         array|
|real_op_ce0           |  out|    1|   ap_memory|       real_op|         array|
|real_op_we0           |  out|    1|   ap_memory|       real_op|         array|
|real_op_d0            |  out|   32|   ap_memory|       real_op|         array|
|real_op_q0            |   in|   32|   ap_memory|       real_op|         array|
|imag_op_address0      |  out|   10|   ap_memory|       imag_op|         array|
|imag_op_ce0           |  out|    1|   ap_memory|       imag_op|         array|
|imag_op_we0           |  out|    1|   ap_memory|       imag_op|         array|
|imag_op_d0            |  out|   32|   ap_memory|       imag_op|         array|
|imag_op_q0            |   in|   32|   ap_memory|       imag_op|         array|
+----------------------+-----+-----+------------+--------------+--------------+

